// Jest Snapshot v1, https://goo.gl/fbAQLP

exports[`Passenger CheckIn Page render() renders the component 1`] = `<PassengerCheckInPage />`;
