// Jest Snapshot v1, https://goo.gl/fbAQLP

exports[`PassengerList Page render() renders the component 1`] = `<PassengerList />`;
