// Jest Snapshot v1, https://goo.gl/fbAQLP

exports[`Dashboard Page render() renders the component 1`] = `<Connect(DashboardPage) />`;
