// Jest Snapshot v1, https://goo.gl/fbAQLP

exports[`Label Component 1`] = `ShallowWrapper {}`;
