// Jest Snapshot v1, https://goo.gl/fbAQLP

exports[`PassengerInFlight Page render() renders the component 1`] = `<PassengerInFlight />`;
