// Jest Snapshot v1, https://goo.gl/fbAQLP

exports[`AncillaryServicePage render() renders the component 1`] = `<AncillaryServicePage />`;
