// Jest Snapshot v1, https://goo.gl/fbAQLP

exports[`Iconify Component 1`] = `ShallowWrapper {}`;
