// Jest Snapshot v1, https://goo.gl/fbAQLP

exports[`Login Page render() renders the component 1`] = `<Connect(SignIn) />`;
